2026-05-05 09:33:10,023 | INFO | Config: {'run_name': 'scratch', 'model_module': 'student.model', 'model': {'block_size': 256, 'n_layer': 4, 'n_head': 4, 'n_embd': 256, 'dropout': 0.1}, 'train_file': 'data/train.jsonl', 'eval_file': 'data/eval.jsonl', 'tokenizer': 'gpt2', 'batch_size': 16, 'epochs': 3, 'lr': 0.0003, 'weight_decay': 0.1, 'warmup_steps': 100, 'log_every': 50, 'ckpt_dir': 'checkpoints/scratch', 'seed': 42}
2026-05-05 09:33:10,056 | INFO | Device: mps
2026-05-05 09:33:10,846 | INFO | Tokens: train=40403  eval=10076
2026-05-05 09:33:11,284 | INFO | Model: CustomLM  params=16.09M
2026-05-05 09:33:15,844 | INFO | epoch=0 step=0 loss=149.6912 lr=3.00e-06
2026-05-05 09:33:49,558 | INFO | epoch=0 step=50 loss=42.9816 lr=1.53e-04
2026-05-05 09:34:27,951 | INFO | epoch=0 step=100 loss=20.4128 lr=3.00e-04
2026-05-05 09:35:05,305 | INFO | epoch=0 step=150 loss=8.5854 lr=3.00e-04
2026-05-05 09:35:42,500 | INFO | epoch=0 step=200 loss=8.1848 lr=3.00e-04
2026-05-05 09:36:20,147 | INFO | epoch=0 step=250 loss=5.0230 lr=3.00e-04
2026-05-05 09:36:56,581 | INFO | epoch=0 step=300 loss=3.0597 lr=3.00e-04
2026-05-05 09:37:36,691 | INFO | epoch=0 step=350 loss=3.2397 lr=2.99e-04
2026-05-05 09:38:14,832 | INFO | epoch=0 step=400 loss=2.2030 lr=2.99e-04
2026-05-05 09:38:52,303 | INFO | epoch=0 step=450 loss=2.3404 lr=2.99e-04
2026-05-05 09:39:30,624 | INFO | epoch=0 step=500 loss=1.3606 lr=2.98e-04
2026-05-05 09:40:07,518 | INFO | epoch=0 step=550 loss=1.5461 lr=2.98e-04
2026-05-05 09:40:44,693 | INFO | epoch=0 step=600 loss=1.4265 lr=2.97e-04
2026-05-05 09:41:21,933 | INFO | epoch=0 step=650 loss=1.1626 lr=2.96e-04
2026-05-05 09:41:57,346 | INFO | epoch=0 step=700 loss=0.9203 lr=2.96e-04
2026-05-05 09:42:32,027 | INFO | epoch=0 step=750 loss=0.6713 lr=2.95e-04
2026-05-05 09:43:06,733 | INFO | epoch=0 step=800 loss=0.7766 lr=2.94e-04
2026-05-05 09:43:40,738 | INFO | epoch=0 step=850 loss=0.6277 lr=2.93e-04
2026-05-05 09:44:15,118 | INFO | epoch=0 step=900 loss=0.5607 lr=2.92e-04
2026-05-05 09:44:49,892 | INFO | epoch=0 step=950 loss=0.5050 lr=2.91e-04
2026-05-05 09:45:24,155 | INFO | epoch=0 step=1000 loss=0.4682 lr=2.90e-04
2026-05-05 09:45:58,633 | INFO | epoch=0 step=1050 loss=0.4546 lr=2.89e-04
2026-05-05 09:46:34,246 | INFO | epoch=0 step=1100 loss=0.4992 lr=2.88e-04
2026-05-05 09:47:10,218 | INFO | epoch=0 step=1150 loss=0.3698 lr=2.87e-04
2026-05-05 09:47:44,688 | INFO | epoch=0 step=1200 loss=0.3075 lr=2.86e-04
2026-05-05 09:48:18,886 | INFO | epoch=0 step=1250 loss=0.2790 lr=2.84e-04
2026-05-05 09:48:52,979 | INFO | epoch=0 step=1300 loss=0.2164 lr=2.83e-04
2026-05-05 09:49:27,085 | INFO | epoch=0 step=1350 loss=0.2593 lr=2.82e-04
2026-05-05 09:50:01,187 | INFO | epoch=0 step=1400 loss=0.2314 lr=2.80e-04
2026-05-05 09:50:35,230 | INFO | epoch=0 step=1450 loss=0.2265 lr=2.79e-04
2026-05-05 09:51:09,486 | INFO | epoch=0 step=1500 loss=0.2407 lr=2.77e-04
2026-05-05 09:51:43,816 | INFO | epoch=0 step=1550 loss=0.2069 lr=2.75e-04
2026-05-05 09:52:17,722 | INFO | epoch=0 step=1600 loss=0.2522 lr=2.74e-04
2026-05-05 09:52:52,074 | INFO | epoch=0 step=1650 loss=0.2124 lr=2.72e-04
2026-05-05 09:53:26,706 | INFO | epoch=0 step=1700 loss=0.2507 lr=2.70e-04
2026-05-05 09:54:01,146 | INFO | epoch=0 step=1750 loss=0.1942 lr=2.68e-04
2026-05-05 09:54:36,069 | INFO | epoch=0 step=1800 loss=0.1937 lr=2.67e-04
2026-05-05 09:55:10,074 | INFO | epoch=0 step=1850 loss=0.1677 lr=2.65e-04
2026-05-05 09:55:43,961 | INFO | epoch=0 step=1900 loss=0.1752 lr=2.63e-04
2026-05-05 09:56:18,802 | INFO | epoch=0 step=1950 loss=0.1345 lr=2.61e-04
2026-05-05 09:56:53,797 | INFO | epoch=0 step=2000 loss=0.1842 lr=2.59e-04
2026-05-05 09:57:28,750 | INFO | epoch=0 step=2050 loss=0.1431 lr=2.57e-04
2026-05-05 09:58:03,880 | INFO | epoch=0 step=2100 loss=0.1677 lr=2.54e-04
2026-05-05 09:58:37,873 | INFO | epoch=0 step=2150 loss=0.1609 lr=2.52e-04
2026-05-05 09:59:17,242 | INFO | epoch=0 step=2200 loss=0.1756 lr=2.50e-04
2026-05-05 09:59:52,776 | INFO | epoch=0 step=2250 loss=0.1399 lr=2.48e-04
2026-05-05 10:00:29,623 | INFO | epoch=0 step=2300 loss=0.1629 lr=2.46e-04
2026-05-05 10:01:06,439 | INFO | epoch=0 step=2350 loss=0.1322 lr=2.43e-04
2026-05-05 10:01:40,179 | INFO | epoch=0 step=2400 loss=0.1404 lr=2.41e-04
2026-05-05 10:02:14,541 | INFO | epoch=0 step=2450 loss=0.1426 lr=2.39e-04
2026-05-05 10:02:48,365 | INFO | epoch=0 step=2500 loss=0.1269 lr=2.36e-04
2026-05-05 10:04:55,803 | INFO | epoch=0 eval_loss=0.5028 ppl=1.65
2026-05-05 10:04:56,651 | INFO | New best eval_loss=0.5028 -> saved best.pt
2026-05-05 10:05:26,314 | INFO | epoch=1 step=2550 loss=0.1362 lr=2.34e-04
2026-05-05 10:06:00,288 | INFO | epoch=1 step=2600 loss=0.1257 lr=2.31e-04
2026-05-05 10:06:35,873 | INFO | epoch=1 step=2650 loss=0.1165 lr=2.29e-04
2026-05-05 10:07:11,577 | INFO | epoch=1 step=2700 loss=0.1362 lr=2.26e-04
2026-05-05 10:07:45,742 | INFO | epoch=1 step=2750 loss=0.1027 lr=2.24e-04
2026-05-05 10:08:19,448 | INFO | epoch=1 step=2800 loss=0.1151 lr=2.21e-04
2026-05-05 10:08:53,212 | INFO | epoch=1 step=2850 loss=0.1434 lr=2.18e-04
2026-05-05 10:09:27,265 | INFO | epoch=1 step=2900 loss=0.1139 lr=2.16e-04
2026-05-05 10:10:01,957 | INFO | epoch=1 step=2950 loss=0.1128 lr=2.13e-04
2026-05-05 10:10:36,210 | INFO | epoch=1 step=3000 loss=0.1273 lr=2.10e-04
2026-05-05 10:11:10,772 | INFO | epoch=1 step=3050 loss=0.1187 lr=2.08e-04
2026-05-05 10:11:45,717 | INFO | epoch=1 step=3100 loss=0.1259 lr=2.05e-04
2026-05-05 10:12:20,369 | INFO | epoch=1 step=3150 loss=0.1142 lr=2.02e-04
2026-05-05 10:12:54,541 | INFO | epoch=1 step=3200 loss=0.0941 lr=2.00e-04
2026-05-05 10:13:28,757 | INFO | epoch=1 step=3250 loss=0.1045 lr=1.97e-04
2026-05-05 10:14:03,634 | INFO | epoch=1 step=3300 loss=0.0964 lr=1.94e-04
2026-05-05 10:14:37,515 | INFO | epoch=1 step=3350 loss=0.1117 lr=1.91e-04
2026-05-05 10:15:11,735 | INFO | epoch=1 step=3400 loss=0.1097 lr=1.88e-04
2026-05-05 10:15:45,204 | INFO | epoch=1 step=3450 loss=0.0963 lr=1.86e-04
2026-05-05 10:16:19,419 | INFO | epoch=1 step=3500 loss=0.1240 lr=1.83e-04
2026-05-05 10:16:53,791 | INFO | epoch=1 step=3550 loss=0.1006 lr=1.80e-04
2026-05-05 10:17:28,737 | INFO | epoch=1 step=3600 loss=0.1139 lr=1.77e-04
2026-05-05 10:18:09,307 | INFO | epoch=1 step=3650 loss=0.0906 lr=1.74e-04
2026-05-05 10:18:44,615 | INFO | epoch=1 step=3700 loss=0.0849 lr=1.71e-04
2026-05-05 10:19:19,603 | INFO | epoch=1 step=3750 loss=0.0831 lr=1.69e-04
2026-05-05 10:19:52,998 | INFO | epoch=1 step=3800 loss=0.0967 lr=1.66e-04
2026-05-05 10:20:27,873 | INFO | epoch=1 step=3850 loss=0.0892 lr=1.63e-04
2026-05-05 10:21:03,492 | INFO | epoch=1 step=3900 loss=0.1026 lr=1.60e-04
2026-05-05 10:21:38,590 | INFO | epoch=1 step=3950 loss=0.0990 lr=1.57e-04
2026-05-05 10:22:12,466 | INFO | epoch=1 step=4000 loss=0.1004 lr=1.54e-04
2026-05-05 10:22:46,042 | INFO | epoch=1 step=4050 loss=0.0963 lr=1.51e-04
2026-05-05 10:23:21,508 | INFO | epoch=1 step=4100 loss=0.0898 lr=1.49e-04
2026-05-05 10:23:57,737 | INFO | epoch=1 step=4150 loss=0.0895 lr=1.46e-04
2026-05-05 10:24:35,685 | INFO | epoch=1 step=4200 loss=0.0868 lr=1.43e-04
2026-05-05 10:25:09,880 | INFO | epoch=1 step=4250 loss=0.0894 lr=1.40e-04
2026-05-05 10:25:43,710 | INFO | epoch=1 step=4300 loss=0.0852 lr=1.37e-04
2026-05-05 10:26:18,919 | INFO | epoch=1 step=4350 loss=0.0746 lr=1.35e-04
2026-05-05 10:26:55,554 | INFO | epoch=1 step=4400 loss=0.0835 lr=1.32e-04
2026-05-05 10:27:30,189 | INFO | epoch=1 step=4450 loss=0.0815 lr=1.29e-04
2026-05-05 10:28:03,966 | INFO | epoch=1 step=4500 loss=0.0768 lr=1.26e-04
2026-05-05 10:28:38,900 | INFO | epoch=1 step=4550 loss=0.0749 lr=1.24e-04
2026-05-05 10:29:14,768 | INFO | epoch=1 step=4600 loss=0.0829 lr=1.21e-04
2026-05-05 10:29:49,017 | INFO | epoch=1 step=4650 loss=0.0807 lr=1.18e-04
2026-05-05 10:30:25,520 | INFO | epoch=1 step=4700 loss=0.0814 lr=1.16e-04
2026-05-05 10:31:06,038 | INFO | epoch=1 step=4750 loss=0.0793 lr=1.13e-04
2026-05-05 10:31:44,843 | INFO | epoch=1 step=4800 loss=0.0802 lr=1.10e-04
2026-05-05 10:32:23,773 | INFO | epoch=1 step=4850 loss=0.0801 lr=1.08e-04
2026-05-05 10:33:03,991 | INFO | epoch=1 step=4900 loss=0.0835 lr=1.05e-04
2026-05-05 10:33:42,806 | INFO | epoch=1 step=4950 loss=0.0818 lr=1.03e-04
2026-05-05 10:34:21,206 | INFO | epoch=1 step=5000 loss=0.0755 lr=1.00e-04
2026-05-05 10:37:14,399 | INFO | epoch=1 eval_loss=0.5458 ppl=1.73
2026-05-05 10:38:06,180 | INFO | epoch=2 step=5050 loss=0.0786 lr=9.75e-05
2026-05-05 10:38:43,789 | INFO | epoch=2 step=5100 loss=0.0914 lr=9.51e-05
2026-05-05 10:39:20,370 | INFO | epoch=2 step=5150 loss=0.0734 lr=9.26e-05
2026-05-05 10:39:55,627 | INFO | epoch=2 step=5200 loss=0.0723 lr=9.02e-05
2026-05-05 10:40:31,942 | INFO | epoch=2 step=5250 loss=0.0752 lr=8.79e-05
2026-05-05 10:41:06,791 | INFO | epoch=2 step=5300 loss=0.0734 lr=8.56e-05
2026-05-05 10:41:42,114 | INFO | epoch=2 step=5350 loss=0.0761 lr=8.33e-05
2026-05-05 10:42:19,809 | INFO | epoch=2 step=5400 loss=0.0779 lr=8.10e-05
2026-05-05 10:42:55,983 | INFO | epoch=2 step=5450 loss=0.0714 lr=7.88e-05
2026-05-05 10:43:31,740 | INFO | epoch=2 step=5500 loss=0.0715 lr=7.66e-05
2026-05-05 10:44:07,082 | INFO | epoch=2 step=5550 loss=0.0934 lr=7.45e-05
2026-05-05 10:44:42,204 | INFO | epoch=2 step=5600 loss=0.0786 lr=7.24e-05
2026-05-05 10:45:20,006 | INFO | epoch=2 step=5650 loss=0.0827 lr=7.03e-05
2026-05-05 10:45:56,512 | INFO | epoch=2 step=5700 loss=0.0745 lr=6.83e-05
2026-05-05 10:46:32,307 | INFO | epoch=2 step=5750 loss=0.0645 lr=6.63e-05
2026-05-05 10:47:08,018 | INFO | epoch=2 step=5800 loss=0.0686 lr=6.44e-05
2026-05-05 10:47:46,551 | INFO | epoch=2 step=5850 loss=0.0663 lr=6.25e-05
2026-05-05 10:48:20,677 | INFO | epoch=2 step=5900 loss=0.0818 lr=6.07e-05
2026-05-05 10:48:54,696 | INFO | epoch=2 step=5950 loss=0.0679 lr=5.89e-05
2026-05-05 10:49:28,876 | INFO | epoch=2 step=6000 loss=0.0680 lr=5.72e-05
2026-05-05 10:50:03,269 | INFO | epoch=2 step=6050 loss=0.0667 lr=5.55e-05
2026-05-05 10:50:38,038 | INFO | epoch=2 step=6100 loss=0.0663 lr=5.38e-05
2026-05-05 10:51:14,384 | INFO | epoch=2 step=6150 loss=0.0689 lr=5.22e-05
2026-05-05 10:51:50,090 | INFO | epoch=2 step=6200 loss=0.0716 lr=5.07e-05
2026-05-05 10:52:24,736 | INFO | epoch=2 step=6250 loss=0.0667 lr=4.92e-05
2026-05-05 10:52:58,802 | INFO | epoch=2 step=6300 loss=0.0704 lr=4.78e-05
2026-05-05 10:53:33,706 | INFO | epoch=2 step=6350 loss=0.0782 lr=4.64e-05
2026-05-05 10:54:08,550 | INFO | epoch=2 step=6400 loss=0.0668 lr=4.50e-05
2026-05-05 10:54:43,544 | INFO | epoch=2 step=6450 loss=0.0745 lr=4.37e-05
2026-05-05 10:55:19,816 | INFO | epoch=2 step=6500 loss=0.0675 lr=4.25e-05
2026-05-05 10:55:55,277 | INFO | epoch=2 step=6550 loss=0.0768 lr=4.13e-05
2026-05-05 10:56:30,937 | INFO | epoch=2 step=6600 loss=0.0654 lr=4.02e-05
2026-05-05 10:57:10,641 | INFO | epoch=2 step=6650 loss=0.0637 lr=3.92e-05
2026-05-05 10:57:49,171 | INFO | epoch=2 step=6700 loss=0.0680 lr=3.82e-05
2026-05-05 10:58:26,060 | INFO | epoch=2 step=6750 loss=0.0745 lr=3.72e-05
2026-05-05 10:59:05,057 | INFO | epoch=2 step=6800 loss=0.0705 lr=3.63e-05
2026-05-05 10:59:45,057 | INFO | epoch=2 step=6850 loss=0.0574 lr=3.55e-05
2026-05-05 11:00:32,462 | INFO | epoch=2 step=6900 loss=0.0720 lr=3.47e-05
2026-05-05 11:01:15,968 | INFO | epoch=2 step=6950 loss=0.0686 lr=3.40e-05
2026-05-05 11:01:56,392 | INFO | epoch=2 step=7000 loss=0.0676 lr=3.33e-05
2026-05-05 11:02:37,256 | INFO | epoch=2 step=7050 loss=0.0653 lr=3.27e-05
2026-05-05 11:03:17,816 | INFO | epoch=2 step=7100 loss=0.0640 lr=3.22e-05
2026-05-05 11:03:58,614 | INFO | epoch=2 step=7150 loss=0.0650 lr=3.17e-05
2026-05-05 11:04:39,594 | INFO | epoch=2 step=7200 loss=0.0636 lr=3.13e-05
2026-05-05 11:05:19,862 | INFO | epoch=2 step=7250 loss=0.0641 lr=3.09e-05
2026-05-05 11:06:00,047 | INFO | epoch=2 step=7300 loss=0.0678 lr=3.06e-05
2026-05-05 11:06:39,007 | INFO | epoch=2 step=7350 loss=0.0712 lr=3.04e-05
2026-05-05 11:07:18,190 | INFO | epoch=2 step=7400 loss=0.0659 lr=3.02e-05
2026-05-05 11:07:57,362 | INFO | epoch=2 step=7450 loss=0.0730 lr=3.01e-05
2026-05-05 11:08:36,321 | INFO | epoch=2 step=7500 loss=0.0706 lr=3.00e-05
2026-05-05 11:11:19,357 | INFO | epoch=2 eval_loss=0.5562 ppl=1.74
2026-05-06 22:38:01,696 | INFO | Config: {'run_name': 'scratch', 'model_module': 'student.model', 'model': {'block_size': 256, 'n_layer': 4, 'n_head': 4, 'n_embd': 256, 'dropout': 0.1}, 'train_file': 'data/train.jsonl', 'eval_file': 'data/eval.jsonl', 'tokenizer': 'gpt2', 'batch_size': 16, 'epochs': 3, 'lr': 0.0003, 'weight_decay': 0.1, 'warmup_steps': 100, 'log_every': 50, 'ckpt_dir': 'checkpoints/scratch', 'seed': 42}
2026-05-06 22:38:01,714 | INFO | Device: mps
2026-05-06 22:38:02,901 | INFO | Tokens: train=40403  eval=10076
2026-05-06 22:38:03,307 | INFO | Model: CustomLM  params=16.09M
2026-05-06 22:38:05,237 | INFO | epoch=0 step=0 loss=149.6912 lr=3.00e-06
2026-05-06 22:45:38,963 | INFO | Config: {'run_name': 'scratch', 'model_module': 'student.model', 'model': {'block_size': 256, 'n_layer': 4, 'n_head': 4, 'n_embd': 256, 'dropout': 0.1}, 'train_file': 'data/train.jsonl', 'eval_file': 'data/eval.jsonl', 'tokenizer': 'gpt2', 'batch_size': 16, 'epochs': 3, 'lr': 0.0003, 'weight_decay': 0.1, 'warmup_steps': 100, 'log_every': 50, 'ckpt_dir': 'checkpoints/scratch', 'seed': 42}
2026-05-06 22:45:38,980 | INFO | Device: mps
2026-05-06 22:45:40,188 | INFO | Tokens: train=42185  eval=10446
2026-05-06 22:45:40,581 | INFO | Model: CustomLM  params=16.09M
2026-05-06 22:45:42,021 | INFO | epoch=0 step=0 loss=149.6782 lr=3.00e-06
2026-05-06 22:46:17,907 | INFO | epoch=0 step=50 loss=43.3034 lr=1.53e-04
2026-05-06 22:47:04,317 | INFO | epoch=0 step=100 loss=21.1315 lr=3.00e-04
2026-05-06 22:47:45,529 | INFO | epoch=0 step=150 loss=11.6931 lr=3.00e-04
2026-05-06 22:48:23,528 | INFO | epoch=0 step=200 loss=8.3862 lr=3.00e-04
2026-05-06 22:48:59,145 | INFO | epoch=0 step=250 loss=5.7227 lr=3.00e-04
2026-05-06 22:49:34,232 | INFO | epoch=0 step=300 loss=3.7838 lr=3.00e-04
2026-05-06 22:50:09,065 | INFO | epoch=0 step=350 loss=3.3664 lr=2.99e-04
2026-05-06 22:50:43,949 | INFO | epoch=0 step=400 loss=2.5646 lr=2.99e-04
2026-05-06 22:51:18,937 | INFO | epoch=0 step=450 loss=2.0251 lr=2.99e-04
2026-05-06 22:51:53,925 | INFO | epoch=0 step=500 loss=1.7218 lr=2.98e-04
2026-05-06 22:52:28,988 | INFO | epoch=0 step=550 loss=1.7927 lr=2.98e-04
2026-05-06 22:53:04,137 | INFO | epoch=0 step=600 loss=1.3202 lr=2.97e-04
2026-05-06 22:53:39,237 | INFO | epoch=0 step=650 loss=1.1958 lr=2.97e-04
2026-05-06 22:54:13,954 | INFO | epoch=0 step=700 loss=0.9565 lr=2.96e-04
2026-05-06 22:54:48,656 | INFO | epoch=0 step=750 loss=1.0293 lr=2.95e-04
2026-05-06 22:55:23,215 | INFO | epoch=0 step=800 loss=0.8693 lr=2.95e-04
2026-05-06 22:55:57,710 | INFO | epoch=0 step=850 loss=0.8348 lr=2.94e-04
2026-05-06 22:56:32,444 | INFO | epoch=0 step=900 loss=0.6044 lr=2.93e-04
2026-05-06 22:57:06,852 | INFO | epoch=0 step=950 loss=0.5532 lr=2.92e-04
2026-05-06 22:57:40,898 | INFO | epoch=0 step=1000 loss=0.5363 lr=2.91e-04
2026-05-06 22:58:15,257 | INFO | epoch=0 step=1050 loss=0.4459 lr=2.90e-04
2026-05-06 22:58:49,642 | INFO | epoch=0 step=1100 loss=0.4845 lr=2.89e-04
2026-05-06 22:59:23,658 | INFO | epoch=0 step=1150 loss=0.5110 lr=2.88e-04
2026-05-06 22:59:57,655 | INFO | epoch=0 step=1200 loss=0.3912 lr=2.87e-04
2026-05-06 23:00:31,786 | INFO | epoch=0 step=1250 loss=0.3028 lr=2.86e-04
2026-05-06 23:01:05,782 | INFO | epoch=0 step=1300 loss=0.4106 lr=2.84e-04
2026-05-06 23:01:39,991 | INFO | epoch=0 step=1350 loss=0.2888 lr=2.83e-04
2026-05-06 23:02:14,026 | INFO | epoch=0 step=1400 loss=0.3128 lr=2.82e-04
2026-05-06 23:02:48,286 | INFO | epoch=0 step=1450 loss=0.2942 lr=2.80e-04
2026-05-06 23:03:23,149 | INFO | epoch=0 step=1500 loss=0.2974 lr=2.79e-04
2026-05-06 23:03:57,930 | INFO | epoch=0 step=1550 loss=0.2737 lr=2.77e-04
2026-05-06 23:04:32,733 | INFO | epoch=0 step=1600 loss=0.1821 lr=2.76e-04
2026-05-06 23:05:07,211 | INFO | epoch=0 step=1650 loss=0.2186 lr=2.74e-04
2026-05-06 23:05:41,397 | INFO | epoch=0 step=1700 loss=0.2497 lr=2.73e-04
2026-05-06 23:21:13,673 | INFO | epoch=0 step=1750 loss=0.2248 lr=2.71e-04
2026-05-06 23:30:09,832 | INFO | epoch=0 step=1800 loss=0.2300 lr=2.69e-04
2026-05-06 23:30:45,354 | INFO | epoch=0 step=1850 loss=0.2085 lr=2.67e-04
2026-05-06 23:33:55,942 | INFO | epoch=0 step=1900 loss=0.2189 lr=2.66e-04
2026-05-06 23:35:39,927 | INFO | epoch=0 step=1950 loss=0.2305 lr=2.64e-04
2026-05-06 23:39:32,232 | INFO | epoch=0 step=2000 loss=0.1932 lr=2.62e-04
2026-05-06 23:45:23,336 | INFO | epoch=0 step=2050 loss=0.2137 lr=2.60e-04
2026-05-06 23:45:54,877 | INFO | epoch=0 step=2100 loss=0.1646 lr=2.58e-04
2026-05-06 23:46:42,841 | INFO | epoch=0 step=2150 loss=0.1851 lr=2.56e-04
2026-05-06 23:54:40,237 | INFO | epoch=0 step=2200 loss=0.1516 lr=2.54e-04
2026-05-06 23:55:14,304 | INFO | epoch=0 step=2250 loss=0.1549 lr=2.52e-04
2026-05-07 00:10:46,002 | INFO | epoch=0 step=2300 loss=0.1548 lr=2.50e-04
2026-05-07 00:26:01,940 | INFO | epoch=0 step=2350 loss=0.1610 lr=2.48e-04
2026-05-07 00:26:33,040 | INFO | epoch=0 step=2400 loss=0.1455 lr=2.46e-04
2026-05-07 00:27:03,693 | INFO | epoch=0 step=2450 loss=0.1568 lr=2.43e-04
2026-05-07 00:27:34,265 | INFO | epoch=0 step=2500 loss=0.1448 lr=2.41e-04
2026-05-07 00:28:04,860 | INFO | epoch=0 step=2550 loss=0.1468 lr=2.39e-04
2026-05-07 00:28:35,387 | INFO | epoch=0 step=2600 loss=0.1490 lr=2.37e-04
2026-05-07 00:30:31,654 | INFO | epoch=0 eval_loss=0.4850 ppl=1.62
2026-05-07 00:30:31,989 | INFO | New best eval_loss=0.4850 -> saved best.pt
2026-05-07 00:30:51,767 | INFO | epoch=1 step=2650 loss=0.1416 lr=2.34e-04
2026-05-07 00:31:22,722 | INFO | epoch=1 step=2700 loss=0.1569 lr=2.32e-04
2026-05-07 00:31:54,491 | INFO | epoch=1 step=2750 loss=0.1511 lr=2.29e-04
2026-05-07 00:32:26,983 | INFO | epoch=1 step=2800 loss=0.1107 lr=2.27e-04
2026-05-07 00:32:59,386 | INFO | epoch=1 step=2850 loss=0.1333 lr=2.25e-04
2026-05-07 00:33:31,752 | INFO | epoch=1 step=2900 loss=0.1373 lr=2.22e-04
2026-05-07 00:34:04,499 | INFO | epoch=1 step=2950 loss=0.1297 lr=2.20e-04
2026-05-07 00:34:37,538 | INFO | epoch=1 step=3000 loss=0.1172 lr=2.17e-04
2026-05-07 00:35:10,050 | INFO | epoch=1 step=3050 loss=0.1245 lr=2.15e-04
2026-05-07 00:35:42,872 | INFO | epoch=1 step=3100 loss=0.1432 lr=2.12e-04
2026-05-07 00:36:15,550 | INFO | epoch=1 step=3150 loss=0.1201 lr=2.09e-04
2026-05-07 00:36:48,064 | INFO | epoch=1 step=3200 loss=0.1152 lr=2.07e-04
2026-05-07 00:37:20,496 | INFO | epoch=1 step=3250 loss=0.1159 lr=2.04e-04
2026-05-07 00:37:52,843 | INFO | epoch=1 step=3300 loss=0.1070 lr=2.02e-04
2026-05-07 00:38:25,107 | INFO | epoch=1 step=3350 loss=0.1205 lr=1.99e-04
2026-05-07 00:38:57,510 | INFO | epoch=1 step=3400 loss=0.1064 lr=1.96e-04
2026-05-07 00:39:29,983 | INFO | epoch=1 step=3450 loss=0.1085 lr=1.94e-04
2026-05-07 00:40:02,683 | INFO | epoch=1 step=3500 loss=0.1047 lr=1.91e-04
2026-05-07 00:40:35,402 | INFO | epoch=1 step=3550 loss=0.1097 lr=1.88e-04
2026-05-07 00:41:08,645 | INFO | epoch=1 step=3600 loss=0.1108 lr=1.86e-04
2026-05-07 00:41:41,584 | INFO | epoch=1 step=3650 loss=0.0997 lr=1.83e-04
2026-05-07 00:42:14,482 | INFO | epoch=1 step=3700 loss=0.1089 lr=1.80e-04
2026-05-07 00:42:47,203 | INFO | epoch=1 step=3750 loss=0.1105 lr=1.77e-04
2026-05-07 00:43:19,866 | INFO | epoch=1 step=3800 loss=0.0909 lr=1.75e-04
2026-05-07 00:43:52,550 | INFO | epoch=1 step=3850 loss=0.0998 lr=1.72e-04
2026-05-07 00:44:25,113 | INFO | epoch=1 step=3900 loss=0.0919 lr=1.69e-04
2026-05-07 00:44:57,723 | INFO | epoch=1 step=3950 loss=0.0899 lr=1.67e-04
2026-05-07 00:45:30,494 | INFO | epoch=1 step=4000 loss=0.1120 lr=1.64e-04
2026-05-07 00:46:03,209 | INFO | epoch=1 step=4050 loss=0.0934 lr=1.61e-04
2026-05-07 01:01:34,302 | INFO | epoch=1 step=4100 loss=0.0945 lr=1.58e-04
2026-05-07 01:02:07,197 | INFO | epoch=1 step=4150 loss=0.0946 lr=1.56e-04
2026-05-07 01:12:06,631 | INFO | epoch=1 step=4200 loss=0.0867 lr=1.53e-04
2026-05-07 01:16:53,991 | INFO | epoch=1 step=4250 loss=0.0920 lr=1.50e-04
2026-05-07 01:17:28,255 | INFO | epoch=1 step=4300 loss=0.1019 lr=1.48e-04
2026-05-07 01:22:12,573 | INFO | epoch=1 step=4350 loss=0.1117 lr=1.45e-04
2026-05-07 01:27:01,256 | INFO | epoch=1 step=4400 loss=0.0843 lr=1.42e-04
2026-05-07 01:27:34,252 | INFO | epoch=1 step=4450 loss=0.0903 lr=1.39e-04
2026-05-07 01:28:06,790 | INFO | epoch=1 step=4500 loss=0.0943 lr=1.37e-04
2026-05-07 01:28:39,984 | INFO | epoch=1 step=4550 loss=0.0894 lr=1.34e-04
2026-05-07 01:29:13,751 | INFO | epoch=1 step=4600 loss=0.0948 lr=1.31e-04
2026-05-07 01:29:47,509 | INFO | epoch=1 step=4650 loss=0.0805 lr=1.29e-04
2026-05-07 01:30:21,933 | INFO | epoch=1 step=4700 loss=0.0902 lr=1.26e-04
2026-05-07 01:30:56,406 | INFO | epoch=1 step=4750 loss=0.0859 lr=1.24e-04
2026-05-07 01:31:31,177 | INFO | epoch=1 step=4800 loss=0.0918 lr=1.21e-04
2026-05-07 01:32:05,755 | INFO | epoch=1 step=4850 loss=0.1010 lr=1.18e-04
2026-05-07 01:32:40,996 | INFO | epoch=1 step=4900 loss=0.0836 lr=1.16e-04
2026-05-07 01:33:16,326 | INFO | epoch=1 step=4950 loss=0.0850 lr=1.13e-04
2026-05-07 01:33:52,073 | INFO | epoch=1 step=5000 loss=0.0802 lr=1.11e-04
2026-05-07 01:34:27,726 | INFO | epoch=1 step=5050 loss=0.0835 lr=1.08e-04
2026-05-07 01:35:03,574 | INFO | epoch=1 step=5100 loss=0.0880 lr=1.06e-04
2026-05-07 01:35:39,499 | INFO | epoch=1 step=5150 loss=0.0749 lr=1.03e-04
2026-05-07 01:36:15,312 | INFO | epoch=1 step=5200 loss=0.0880 lr=1.01e-04
2026-05-07 01:51:55,258 | INFO | epoch=1 eval_loss=0.5277 ppl=1.70
2026-05-07 01:52:03,671 | INFO | epoch=2 step=5250 loss=0.0864 lr=9.86e-05
2026-05-07 01:56:50,694 | INFO | epoch=2 step=5300 loss=0.0825 lr=9.62e-05
2026-05-07 01:57:23,069 | INFO | epoch=2 step=5350 loss=0.0789 lr=9.39e-05
2026-05-07 02:11:24,802 | INFO | epoch=2 step=5400 loss=0.0777 lr=9.16e-05
2026-05-07 02:27:32,969 | INFO | epoch=2 step=5450 loss=0.0858 lr=8.93e-05
2026-05-07 02:28:04,827 | INFO | epoch=2 step=5500 loss=0.0818 lr=8.70e-05
2026-05-07 02:28:37,159 | INFO | epoch=2 step=5550 loss=0.0819 lr=8.48e-05
2026-05-07 02:29:10,004 | INFO | epoch=2 step=5600 loss=0.0761 lr=8.26e-05
2026-05-07 02:29:43,188 | INFO | epoch=2 step=5650 loss=0.0711 lr=8.05e-05
2026-05-07 02:30:16,637 | INFO | epoch=2 step=5700 loss=0.0857 lr=7.84e-05
2026-05-07 02:30:50,288 | INFO | epoch=2 step=5750 loss=0.0765 lr=7.63e-05
2026-05-07 02:31:24,324 | INFO | epoch=2 step=5800 loss=0.0806 lr=7.42e-05
2026-05-07 02:31:58,467 | INFO | epoch=2 step=5850 loss=0.0733 lr=7.22e-05
2026-05-07 02:32:32,741 | INFO | epoch=2 step=5900 loss=0.0730 lr=7.03e-05
2026-05-07 02:33:08,057 | INFO | epoch=2 step=5950 loss=0.0834 lr=6.84e-05
2026-05-07 02:33:43,148 | INFO | epoch=2 step=6000 loss=0.0681 lr=6.65e-05
2026-05-07 02:34:18,490 | INFO | epoch=2 step=6050 loss=0.0726 lr=6.46e-05
2026-05-07 02:34:53,680 | INFO | epoch=2 step=6100 loss=0.0667 lr=6.28e-05
2026-05-07 02:35:29,183 | INFO | epoch=2 step=6150 loss=0.0781 lr=6.10e-05
2026-05-07 02:36:04,323 | INFO | epoch=2 step=6200 loss=0.0850 lr=5.93e-05
2026-05-07 02:36:39,522 | INFO | epoch=2 step=6250 loss=0.0817 lr=5.76e-05
2026-05-07 02:37:15,288 | INFO | epoch=2 step=6300 loss=0.0637 lr=5.60e-05
2026-05-07 02:37:51,186 | INFO | epoch=2 step=6350 loss=0.0724 lr=5.44e-05
2026-05-07 02:38:26,893 | INFO | epoch=2 step=6400 loss=0.0790 lr=5.29e-05
2026-05-07 02:39:02,347 | INFO | epoch=2 step=6450 loss=0.0720 lr=5.14e-05
2026-05-07 02:39:38,362 | INFO | epoch=2 step=6500 loss=0.0788 lr=4.99e-05
2026-05-07 02:40:14,533 | INFO | epoch=2 step=6550 loss=0.0873 lr=4.85e-05
2026-05-07 02:40:50,307 | INFO | epoch=2 step=6600 loss=0.0752 lr=4.72e-05
2026-05-07 02:41:26,570 | INFO | epoch=2 step=6650 loss=0.0724 lr=4.59e-05
2026-05-07 02:42:02,510 | INFO | epoch=2 step=6700 loss=0.0720 lr=4.46e-05
2026-05-07 02:42:38,488 | INFO | epoch=2 step=6750 loss=0.0698 lr=4.34e-05
2026-05-07 02:43:14,799 | INFO | epoch=2 step=6800 loss=0.0686 lr=4.22e-05
2026-05-07 02:43:51,302 | INFO | epoch=2 step=6850 loss=0.0669 lr=4.11e-05
2026-05-07 02:44:27,462 | INFO | epoch=2 step=6900 loss=0.0764 lr=4.00e-05
2026-05-07 02:45:03,554 | INFO | epoch=2 step=6950 loss=0.0683 lr=3.90e-05
2026-05-07 02:45:39,803 | INFO | epoch=2 step=7000 loss=0.0795 lr=3.81e-05
2026-05-07 02:46:16,366 | INFO | epoch=2 step=7050 loss=0.0702 lr=3.72e-05
2026-05-07 02:46:52,817 | INFO | epoch=2 step=7100 loss=0.0679 lr=3.63e-05
2026-05-07 02:47:29,107 | INFO | epoch=2 step=7150 loss=0.0755 lr=3.55e-05
2026-05-07 02:48:05,313 | INFO | epoch=2 step=7200 loss=0.0733 lr=3.48e-05
2026-05-07 02:48:41,596 | INFO | epoch=2 step=7250 loss=0.0594 lr=3.41e-05
2026-05-07 02:49:18,270 | INFO | epoch=2 step=7300 loss=0.0688 lr=3.34e-05
2026-05-07 02:49:54,689 | INFO | epoch=2 step=7350 loss=0.0836 lr=3.29e-05
2026-05-07 02:50:30,897 | INFO | epoch=2 step=7400 loss=0.0672 lr=3.23e-05
2026-05-07 02:51:07,522 | INFO | epoch=2 step=7450 loss=0.0662 lr=3.18e-05
2026-05-07 02:51:43,929 | INFO | epoch=2 step=7500 loss=0.0810 lr=3.14e-05
2026-05-07 02:52:20,561 | INFO | epoch=2 step=7550 loss=0.0728 lr=3.11e-05
2026-05-07 02:52:57,158 | INFO | epoch=2 step=7600 loss=0.0663 lr=3.07e-05
2026-05-07 02:53:34,055 | INFO | epoch=2 step=7650 loss=0.0671 lr=3.05e-05
2026-05-07 02:54:11,411 | INFO | epoch=2 step=7700 loss=0.0728 lr=3.03e-05
2026-05-07 02:54:48,900 | INFO | epoch=2 step=7750 loss=0.0718 lr=3.01e-05
2026-05-07 02:55:26,222 | INFO | epoch=2 step=7800 loss=0.0668 lr=3.00e-05
2026-05-07 02:56:03,529 | INFO | epoch=2 step=7850 loss=0.0653 lr=3.00e-05
2026-05-07 02:58:33,954 | INFO | epoch=2 eval_loss=0.5464 ppl=1.73
2026-05-08 00:25:06,140 | INFO | Config: {'run_name': 'scratch', 'model_module': 'student.model', 'model': {'block_size': 256, 'n_layer': 4, 'n_head': 4, 'n_embd': 256, 'dropout': 0.1}, 'train_file': 'data/train.jsonl', 'eval_file': 'data/eval.jsonl', 'tokenizer': 'gpt2', 'batch_size': 16, 'epochs': 3, 'lr': 0.0003, 'weight_decay': 0.1, 'warmup_steps': 100, 'log_every': 50, 'ckpt_dir': 'checkpoints/scratch', 'seed': 42}
2026-05-08 00:25:06,160 | INFO | Device: mps
2026-05-08 00:25:07,399 | INFO | Tokens: train=91787  eval=22630
2026-05-08 00:25:07,814 | INFO | Model: CustomLM  params=16.09M
2026-05-08 00:25:10,668 | INFO | epoch=0 step=0 loss=147.2975 lr=3.00e-06
2026-05-08 00:25:42,721 | INFO | epoch=0 step=50 loss=47.6830 lr=1.53e-04
2026-05-08 00:26:16,114 | INFO | epoch=0 step=100 loss=26.5082 lr=3.00e-04
2026-05-08 00:26:50,282 | INFO | epoch=0 step=150 loss=18.3428 lr=3.00e-04
2026-05-08 00:27:24,752 | INFO | epoch=0 step=200 loss=12.8828 lr=3.00e-04
2026-05-08 00:27:58,451 | INFO | epoch=0 step=250 loss=8.4871 lr=3.00e-04
2026-05-08 00:28:32,032 | INFO | epoch=0 step=300 loss=6.0309 lr=3.00e-04
2026-05-08 00:29:05,639 | INFO | epoch=0 step=350 loss=4.3840 lr=3.00e-04
2026-05-08 00:29:39,435 | INFO | epoch=0 step=400 loss=3.9411 lr=3.00e-04
2026-05-08 00:30:13,225 | INFO | epoch=0 step=450 loss=3.5576 lr=3.00e-04
2026-05-08 00:30:47,230 | INFO | epoch=0 step=500 loss=3.1567 lr=3.00e-04
2026-05-08 00:31:21,205 | INFO | epoch=0 step=550 loss=2.9309 lr=3.00e-04
2026-05-08 00:31:55,578 | INFO | epoch=0 step=600 loss=2.8580 lr=2.99e-04
2026-05-08 00:32:30,901 | INFO | epoch=0 step=650 loss=2.5643 lr=2.99e-04
2026-05-08 00:33:05,129 | INFO | epoch=0 step=700 loss=2.4169 lr=2.99e-04
2026-05-08 00:33:39,258 | INFO | epoch=0 step=750 loss=2.1694 lr=2.99e-04
2026-05-08 00:34:13,352 | INFO | epoch=0 step=800 loss=2.1662 lr=2.99e-04
2026-05-08 00:34:47,173 | INFO | epoch=0 step=850 loss=1.9972 lr=2.99e-04
2026-05-08 00:35:20,929 | INFO | epoch=0 step=900 loss=1.8388 lr=2.99e-04
2026-05-08 00:35:54,526 | INFO | epoch=0 step=950 loss=1.8036 lr=2.98e-04
2026-05-08 00:36:28,160 | INFO | epoch=0 step=1000 loss=1.7423 lr=2.98e-04
2026-05-08 00:37:01,808 | INFO | epoch=0 step=1050 loss=1.6242 lr=2.98e-04
2026-05-08 00:37:35,533 | INFO | epoch=0 step=1100 loss=1.5079 lr=2.98e-04
2026-05-08 00:38:09,136 | INFO | epoch=0 step=1150 loss=1.3940 lr=2.97e-04
2026-05-08 00:38:42,695 | INFO | epoch=0 step=1200 loss=1.3799 lr=2.97e-04
2026-05-08 00:39:16,561 | INFO | epoch=0 step=1250 loss=1.2017 lr=2.97e-04
2026-05-08 00:39:50,498 | INFO | epoch=0 step=1300 loss=1.1878 lr=2.97e-04
2026-05-08 00:40:24,329 | INFO | epoch=0 step=1350 loss=1.1440 lr=2.96e-04
2026-05-08 00:40:57,989 | INFO | epoch=0 step=1400 loss=1.1097 lr=2.96e-04
2026-05-08 00:41:31,602 | INFO | epoch=0 step=1450 loss=1.0448 lr=2.96e-04
2026-05-08 00:42:05,424 | INFO | epoch=0 step=1500 loss=1.0653 lr=2.96e-04
2026-05-08 00:42:39,010 | INFO | epoch=0 step=1550 loss=0.9925 lr=2.95e-04
2026-05-08 00:43:12,536 | INFO | epoch=0 step=1600 loss=1.0076 lr=2.95e-04
2026-05-08 00:43:46,292 | INFO | epoch=0 step=1650 loss=0.9444 lr=2.95e-04
2026-05-08 00:44:20,500 | INFO | epoch=0 step=1700 loss=0.8609 lr=2.94e-04
2026-05-08 00:44:55,590 | INFO | epoch=0 step=1750 loss=0.8823 lr=2.94e-04
2026-05-08 00:45:30,124 | INFO | epoch=0 step=1800 loss=0.8512 lr=2.93e-04
2026-05-08 01:01:04,897 | INFO | epoch=0 step=1850 loss=0.7920 lr=2.93e-04
2026-05-08 01:16:37,056 | INFO | epoch=0 step=1900 loss=0.8147 lr=2.93e-04
2026-05-08 01:32:10,114 | INFO | epoch=0 step=1950 loss=0.7371 lr=2.92e-04
2026-05-08 01:32:40,766 | INFO | epoch=0 step=2000 loss=0.7496 lr=2.92e-04
2026-05-08 01:48:15,010 | INFO | epoch=0 step=2050 loss=0.7265 lr=2.91e-04
2026-05-08 01:48:49,176 | INFO | epoch=0 step=2100 loss=0.6887 lr=2.91e-04
2026-05-08 02:04:20,787 | INFO | epoch=0 step=2150 loss=0.7084 lr=2.90e-04
2026-05-08 02:10:20,856 | INFO | epoch=0 step=2200 loss=0.7085 lr=2.90e-04
2026-05-08 02:10:53,422 | INFO | epoch=0 step=2250 loss=0.6724 lr=2.90e-04
2026-05-08 02:26:23,976 | INFO | epoch=0 step=2300 loss=0.6577 lr=2.89e-04
2026-05-08 02:31:45,982 | INFO | epoch=0 step=2350 loss=0.6147 lr=2.89e-04
2026-05-08 02:37:17,039 | INFO | epoch=0 step=2400 loss=0.6860 lr=2.88e-04
2026-05-08 02:37:48,760 | INFO | epoch=0 step=2450 loss=0.6218 lr=2.88e-04
2026-05-08 02:42:35,977 | INFO | epoch=0 step=2500 loss=0.6188 lr=2.87e-04
2026-05-08 02:47:25,092 | INFO | epoch=0 step=2550 loss=0.5881 lr=2.86e-04
2026-05-08 02:47:57,699 | INFO | epoch=0 step=2600 loss=0.6001 lr=2.86e-04
2026-05-08 02:52:44,038 | INFO | epoch=0 step=2650 loss=0.5796 lr=2.85e-04
2026-05-08 02:57:17,717 | INFO | epoch=0 step=2700 loss=0.5785 lr=2.85e-04
2026-05-08 02:57:48,365 | INFO | epoch=0 step=2750 loss=0.5758 lr=2.84e-04
2026-05-08 03:02:34,014 | INFO | epoch=0 step=2800 loss=0.5908 lr=2.84e-04
2026-05-08 03:03:09,232 | INFO | epoch=0 step=2850 loss=0.5669 lr=2.83e-04
2026-05-08 03:03:41,640 | INFO | epoch=0 step=2900 loss=0.5452 lr=2.82e-04
2026-05-08 03:07:21,368 | INFO | epoch=0 step=2950 loss=0.5200 lr=2.82e-04
2026-05-08 03:07:53,251 | INFO | epoch=0 step=3000 loss=0.5220 lr=2.81e-04
2026-05-08 03:25:25,818 | INFO | epoch=0 step=3050 loss=0.5270 lr=2.81e-04
2026-05-08 03:42:08,703 | INFO | epoch=0 step=3100 loss=0.5011 lr=2.80e-04
2026-05-08 03:42:40,021 | INFO | epoch=0 step=3150 loss=0.4955 lr=2.79e-04
2026-05-08 03:59:12,380 | INFO | epoch=0 step=3200 loss=0.5242 lr=2.79e-04
2026-05-08 04:15:41,095 | INFO | epoch=0 step=3250 loss=0.5200 lr=2.78e-04
2026-05-08 04:31:16,072 | INFO | epoch=0 step=3300 loss=0.5155 lr=2.77e-04
2026-05-08 04:31:46,601 | INFO | epoch=0 step=3350 loss=0.4899 lr=2.77e-04
2026-05-08 04:47:49,943 | INFO | epoch=0 step=3400 loss=0.4906 lr=2.76e-04
2026-05-08 05:03:52,872 | INFO | epoch=0 step=3450 loss=0.4905 lr=2.75e-04
2026-05-08 05:04:23,470 | INFO | epoch=0 step=3500 loss=0.4592 lr=2.74e-04
2026-05-08 05:22:15,243 | INFO | epoch=0 step=3550 loss=0.4699 lr=2.74e-04
2026-05-08 05:30:13,929 | INFO | epoch=0 step=3600 loss=0.4822 lr=2.73e-04
2026-05-08 05:30:45,932 | INFO | epoch=0 step=3650 loss=0.4576 lr=2.72e-04
2026-05-08 05:46:43,301 | INFO | epoch=0 step=3700 loss=0.4702 lr=2.71e-04
2026-05-08 06:04:19,099 | INFO | epoch=0 step=3750 loss=0.4581 lr=2.71e-04
2026-05-08 06:21:19,892 | INFO | epoch=0 step=3800 loss=0.4536 lr=2.70e-04
2026-05-08 06:21:50,207 | INFO | epoch=0 step=3850 loss=0.4380 lr=2.69e-04
2026-05-08 06:28:51,186 | INFO | epoch=0 step=3900 loss=0.4513 lr=2.68e-04
2026-05-08 06:29:24,606 | INFO | epoch=0 step=3950 loss=0.4432 lr=2.67e-04
2026-05-08 06:29:57,179 | INFO | epoch=0 step=4000 loss=0.4379 lr=2.67e-04
2026-05-08 06:30:30,237 | INFO | epoch=0 step=4050 loss=0.4280 lr=2.66e-04
2026-05-08 06:31:03,761 | INFO | epoch=0 step=4100 loss=0.4538 lr=2.65e-04
2026-05-08 06:46:41,946 | INFO | epoch=0 step=4150 loss=0.4244 lr=2.64e-04
2026-05-08 06:47:15,243 | INFO | epoch=0 step=4200 loss=0.4328 lr=2.63e-04
2026-05-08 06:47:47,393 | INFO | epoch=0 step=4250 loss=0.4206 lr=2.62e-04
2026-05-08 06:48:20,211 | INFO | epoch=0 step=4300 loss=0.4262 lr=2.62e-04
2026-05-08 06:48:53,471 | INFO | epoch=0 step=4350 loss=0.3962 lr=2.61e-04
2026-05-08 07:05:54,612 | INFO | epoch=0 step=4400 loss=0.4220 lr=2.60e-04
2026-05-08 07:06:27,020 | INFO | epoch=0 step=4450 loss=0.4310 lr=2.59e-04
2026-05-08 07:16:49,870 | INFO | epoch=0 step=4500 loss=0.4077 lr=2.58e-04
2026-05-08 07:32:35,538 | INFO | epoch=0 step=4550 loss=0.4251 lr=2.57e-04
2026-05-08 07:33:07,603 | INFO | epoch=0 step=4600 loss=0.4088 lr=2.56e-04
2026-05-08 07:49:52,691 | INFO | epoch=0 step=4650 loss=0.4088 lr=2.55e-04
2026-05-08 07:50:25,288 | INFO | epoch=0 step=4700 loss=0.3854 lr=2.54e-04
2026-05-08 07:50:57,627 | INFO | epoch=0 step=4750 loss=0.3928 lr=2.53e-04
2026-05-08 07:51:30,568 | INFO | epoch=0 step=4800 loss=0.4229 lr=2.52e-04
2026-05-08 07:52:03,794 | INFO | epoch=0 step=4850 loss=0.3810 lr=2.52e-04
2026-05-08 08:08:50,952 | INFO | epoch=0 step=4900 loss=0.3829 lr=2.51e-04
2026-05-08 08:24:42,019 | INFO | epoch=0 step=4950 loss=0.3902 lr=2.50e-04
2026-05-08 08:25:12,799 | INFO | epoch=0 step=5000 loss=0.3573 lr=2.49e-04
2026-05-08 08:29:49,533 | INFO | epoch=0 step=5050 loss=0.3698 lr=2.48e-04
2026-05-08 08:45:27,521 | INFO | epoch=0 step=5100 loss=0.3911 lr=2.47e-04
2026-05-08 08:45:59,327 | INFO | epoch=0 step=5150 loss=0.3920 lr=2.46e-04
2026-05-08 09:02:24,281 | INFO | epoch=0 step=5200 loss=0.3857 lr=2.45e-04
2026-05-08 09:04:58,404 | INFO | epoch=0 step=5250 loss=0.3961 lr=2.44e-04
2026-05-08 09:05:29,845 | INFO | epoch=0 step=5300 loss=0.3919 lr=2.43e-04
2026-05-08 09:12:06,677 | INFO | epoch=0 step=5350 loss=0.3764 lr=2.42e-04
2026-05-08 09:12:39,612 | INFO | epoch=0 step=5400 loss=0.3717 lr=2.41e-04
2026-05-08 09:29:32,313 | INFO | epoch=0 step=5450 loss=0.3567 lr=2.40e-04
2026-05-08 09:34:02,603 | INFO | epoch=0 step=5500 loss=0.3835 lr=2.39e-04
2026-05-08 09:34:33,251 | INFO | epoch=0 step=5550 loss=0.3977 lr=2.38e-04
2026-05-08 09:35:03,824 | INFO | epoch=0 step=5600 loss=0.3671 lr=2.36e-04
2026-05-08 09:35:34,860 | INFO | epoch=0 step=5650 loss=0.3693 lr=2.35e-04
2026-05-08 09:36:06,437 | INFO | epoch=0 step=5700 loss=0.3635 lr=2.34e-04
2026-05-08 10:20:45,976 | INFO | epoch=0 eval_loss=0.4800 ppl=1.62
2026-05-08 10:20:46,556 | INFO | New best eval_loss=0.4800 -> saved best.pt
2026-05-08 10:21:09,246 | INFO | epoch=1 step=5750 loss=0.3602 lr=2.33e-04
2026-05-08 10:21:40,069 | INFO | epoch=1 step=5800 loss=0.3657 lr=2.32e-04
2026-05-08 10:22:13,089 | INFO | epoch=1 step=5850 loss=0.3613 lr=2.31e-04
2026-05-08 10:22:44,970 | INFO | epoch=1 step=5900 loss=0.3489 lr=2.30e-04
2026-05-08 10:23:18,538 | INFO | epoch=1 step=5950 loss=0.3440 lr=2.29e-04
2026-05-08 10:23:53,434 | INFO | epoch=1 step=6000 loss=0.3715 lr=2.28e-04
2026-05-08 10:24:27,967 | INFO | epoch=1 step=6050 loss=0.3547 lr=2.27e-04
2026-05-08 10:25:02,840 | INFO | epoch=1 step=6100 loss=0.3719 lr=2.26e-04
2026-05-08 10:25:37,727 | INFO | epoch=1 step=6150 loss=0.3406 lr=2.25e-04
2026-05-08 10:26:13,093 | INFO | epoch=1 step=6200 loss=0.3299 lr=2.23e-04
2026-05-08 10:26:47,027 | INFO | epoch=1 step=6250 loss=0.3524 lr=2.22e-04
2026-05-08 10:27:20,921 | INFO | epoch=1 step=6300 loss=0.3406 lr=2.21e-04
2026-05-08 10:27:54,752 | INFO | epoch=1 step=6350 loss=0.3494 lr=2.20e-04
2026-05-08 10:28:29,561 | INFO | epoch=1 step=6400 loss=0.3427 lr=2.19e-04
2026-05-08 10:29:06,841 | INFO | epoch=1 step=6450 loss=0.3165 lr=2.18e-04
2026-05-08 10:29:43,883 | INFO | epoch=1 step=6500 loss=0.3494 lr=2.17e-04
2026-05-08 10:30:21,835 | INFO | epoch=1 step=6550 loss=0.3252 lr=2.15e-04
2026-05-08 10:31:00,263 | INFO | epoch=1 step=6600 loss=0.3532 lr=2.14e-04
2026-05-08 10:31:38,084 | INFO | epoch=1 step=6650 loss=0.3494 lr=2.13e-04
2026-05-08 10:32:13,208 | INFO | epoch=1 step=6700 loss=0.3257 lr=2.12e-04
2026-05-08 10:32:48,786 | INFO | epoch=1 step=6750 loss=0.3599 lr=2.11e-04
2026-05-08 10:33:23,191 | INFO | epoch=1 step=6800 loss=0.3336 lr=2.10e-04
2026-05-08 10:34:00,322 | INFO | epoch=1 step=6850 loss=0.3243 lr=2.08e-04
2026-05-08 10:34:37,825 | INFO | epoch=1 step=6900 loss=0.3395 lr=2.07e-04
2026-05-08 10:35:13,996 | INFO | epoch=1 step=6950 loss=0.3354 lr=2.06e-04
2026-05-08 10:35:50,645 | INFO | epoch=1 step=7000 loss=0.3246 lr=2.05e-04
2026-05-08 10:36:27,962 | INFO | epoch=1 step=7050 loss=0.3175 lr=2.04e-04
2026-05-08 10:37:03,901 | INFO | epoch=1 step=7100 loss=0.3127 lr=2.03e-04
2026-05-08 10:37:39,925 | INFO | epoch=1 step=7150 loss=0.3059 lr=2.01e-04
2026-05-08 10:38:15,854 | INFO | epoch=1 step=7200 loss=0.3263 lr=2.00e-04
2026-05-08 10:38:52,187 | INFO | epoch=1 step=7250 loss=0.3216 lr=1.99e-04
2026-05-08 10:39:28,126 | INFO | epoch=1 step=7300 loss=0.3205 lr=1.98e-04
2026-05-08 10:40:06,187 | INFO | epoch=1 step=7350 loss=0.3265 lr=1.97e-04
2026-05-08 10:40:44,316 | INFO | epoch=1 step=7400 loss=0.3101 lr=1.95e-04
2026-05-08 10:41:22,038 | INFO | epoch=1 step=7450 loss=0.3101 lr=1.94e-04
2026-05-08 10:42:01,061 | INFO | epoch=1 step=7500 loss=0.3180 lr=1.93e-04
2026-05-08 10:42:41,259 | INFO | epoch=1 step=7550 loss=0.3152 lr=1.92e-04
2026-05-08 10:43:28,876 | INFO | epoch=1 step=7600 loss=0.2947 lr=1.90e-04
2026-05-08 10:44:09,112 | INFO | epoch=1 step=7650 loss=0.3140 lr=1.89e-04
2026-05-08 10:44:46,228 | INFO | epoch=1 step=7700 loss=0.3320 lr=1.88e-04
2026-05-08 10:45:25,662 | INFO | epoch=1 step=7750 loss=0.3289 lr=1.87e-04
2026-05-08 10:46:05,765 | INFO | epoch=1 step=7800 loss=0.3216 lr=1.86e-04
2026-05-08 10:46:45,957 | INFO | epoch=1 step=7850 loss=0.2866 lr=1.84e-04
2026-05-08 10:47:26,484 | INFO | epoch=1 step=7900 loss=0.3152 lr=1.83e-04
2026-05-08 10:48:07,722 | INFO | epoch=1 step=7950 loss=0.2911 lr=1.82e-04
2026-05-08 10:48:47,788 | INFO | epoch=1 step=8000 loss=0.3256 lr=1.81e-04
2026-05-08 10:49:28,135 | INFO | epoch=1 step=8050 loss=0.3175 lr=1.79e-04
2026-05-08 10:50:06,923 | INFO | epoch=1 step=8100 loss=0.2969 lr=1.78e-04
2026-05-08 10:50:43,981 | INFO | epoch=1 step=8150 loss=0.3164 lr=1.77e-04
2026-05-08 10:51:21,362 | INFO | epoch=1 step=8200 loss=0.2922 lr=1.76e-04
2026-05-08 10:52:00,468 | INFO | epoch=1 step=8250 loss=0.2860 lr=1.74e-04
2026-05-08 10:52:39,666 | INFO | epoch=1 step=8300 loss=0.3062 lr=1.73e-04
2026-05-08 10:53:19,242 | INFO | epoch=1 step=8350 loss=0.3077 lr=1.72e-04
2026-05-08 10:53:59,157 | INFO | epoch=1 step=8400 loss=0.3114 lr=1.71e-04
2026-05-08 10:54:38,909 | INFO | epoch=1 step=8450 loss=0.3033 lr=1.69e-04
2026-05-08 10:55:18,313 | INFO | epoch=1 step=8500 loss=0.2986 lr=1.68e-04
2026-05-08 10:55:56,969 | INFO | epoch=1 step=8550 loss=0.2963 lr=1.67e-04
2026-05-08 10:56:34,914 | INFO | epoch=1 step=8600 loss=0.2958 lr=1.66e-04
2026-05-08 10:57:13,411 | INFO | epoch=1 step=8650 loss=0.2976 lr=1.64e-04
2026-05-08 10:57:53,983 | INFO | epoch=1 step=8700 loss=0.2927 lr=1.63e-04
2026-05-08 10:58:35,892 | INFO | epoch=1 step=8750 loss=0.2994 lr=1.62e-04
2026-05-08 10:59:17,344 | INFO | epoch=1 step=8800 loss=0.2997 lr=1.61e-04
2026-05-08 10:59:57,087 | INFO | epoch=1 step=8850 loss=0.2791 lr=1.60e-04
2026-05-08 11:00:37,525 | INFO | epoch=1 step=8900 loss=0.2727 lr=1.58e-04
2026-05-08 11:01:17,842 | INFO | epoch=1 step=8950 loss=0.2903 lr=1.57e-04
2026-05-08 11:02:00,753 | INFO | epoch=1 step=9000 loss=0.2957 lr=1.56e-04
2026-05-08 11:02:45,217 | INFO | epoch=1 step=9050 loss=0.2969 lr=1.55e-04
2026-05-08 11:03:27,222 | INFO | epoch=1 step=9100 loss=0.2953 lr=1.53e-04
2026-05-08 11:04:08,488 | INFO | epoch=1 step=9150 loss=0.2952 lr=1.52e-04
2026-05-08 11:04:48,783 | INFO | epoch=1 step=9200 loss=0.2804 lr=1.51e-04
2026-05-08 11:05:30,450 | INFO | epoch=1 step=9250 loss=0.2780 lr=1.50e-04
2026-05-08 11:06:10,392 | INFO | epoch=1 step=9300 loss=0.2879 lr=1.48e-04
2026-05-08 11:06:50,645 | INFO | epoch=1 step=9350 loss=0.2872 lr=1.47e-04
2026-05-08 11:07:37,437 | INFO | epoch=1 step=9400 loss=0.2879 lr=1.46e-04
2026-05-08 11:08:21,130 | INFO | epoch=1 step=9450 loss=0.2731 lr=1.45e-04
2026-05-08 11:09:05,505 | INFO | epoch=1 step=9500 loss=0.2655 lr=1.43e-04
2026-05-08 11:14:43,783 | INFO | epoch=1 step=9550 loss=0.2912 lr=1.42e-04
2026-05-08 11:16:31,818 | INFO | epoch=1 step=9600 loss=0.2661 lr=1.41e-04
2026-05-08 11:17:03,098 | INFO | epoch=1 step=9650 loss=0.2723 lr=1.40e-04
2026-05-08 11:17:35,027 | INFO | epoch=1 step=9700 loss=0.2623 lr=1.39e-04
2026-05-08 11:18:06,633 | INFO | epoch=1 step=9750 loss=0.2669 lr=1.37e-04
2026-05-08 11:18:44,051 | INFO | epoch=1 step=9800 loss=0.2713 lr=1.36e-04
2026-05-08 11:19:28,663 | INFO | epoch=1 step=9850 loss=0.2876 lr=1.35e-04
2026-05-08 11:20:10,362 | INFO | epoch=1 step=9900 loss=0.2699 lr=1.34e-04
2026-05-08 11:20:50,775 | INFO | epoch=1 step=9950 loss=0.2700 lr=1.32e-04
2026-05-08 11:21:32,105 | INFO | epoch=1 step=10000 loss=0.2698 lr=1.31e-04
2026-05-08 11:22:13,008 | INFO | epoch=1 step=10050 loss=0.2647 lr=1.30e-04
2026-05-08 11:22:54,566 | INFO | epoch=1 step=10100 loss=0.2705 lr=1.29e-04
2026-05-08 11:23:35,148 | INFO | epoch=1 step=10150 loss=0.2708 lr=1.28e-04
2026-05-08 11:24:15,987 | INFO | epoch=1 step=10200 loss=0.2546 lr=1.26e-04
2026-05-08 11:24:57,306 | INFO | epoch=1 step=10250 loss=0.2517 lr=1.25e-04
2026-05-08 11:25:38,605 | INFO | epoch=1 step=10300 loss=0.2608 lr=1.24e-04
2026-05-08 11:26:24,675 | INFO | epoch=1 step=10350 loss=0.2481 lr=1.23e-04
2026-05-08 11:27:05,803 | INFO | epoch=1 step=10400 loss=0.2724 lr=1.22e-04
2026-05-08 11:27:50,803 | INFO | epoch=1 step=10450 loss=0.2637 lr=1.21e-04
2026-05-08 11:28:32,786 | INFO | epoch=1 step=10500 loss=0.2481 lr=1.19e-04
2026-05-08 11:29:16,289 | INFO | epoch=1 step=10550 loss=0.2419 lr=1.18e-04
2026-05-08 11:29:59,259 | INFO | epoch=1 step=10600 loss=0.2682 lr=1.17e-04
2026-05-08 11:30:41,935 | INFO | epoch=1 step=10650 loss=0.2680 lr=1.16e-04
2026-05-08 11:31:22,295 | INFO | epoch=1 step=10700 loss=0.2407 lr=1.15e-04
2026-05-08 11:32:02,165 | INFO | epoch=1 step=10750 loss=0.2492 lr=1.14e-04
2026-05-08 11:32:40,099 | INFO | epoch=1 step=10800 loss=0.2424 lr=1.12e-04
2026-05-08 11:33:18,348 | INFO | epoch=1 step=10850 loss=0.2529 lr=1.11e-04
2026-05-08 11:33:58,509 | INFO | epoch=1 step=10900 loss=0.2572 lr=1.10e-04
2026-05-08 11:34:38,291 | INFO | epoch=1 step=10950 loss=0.2442 lr=1.09e-04
2026-05-08 11:35:17,459 | INFO | epoch=1 step=11000 loss=0.2521 lr=1.08e-04
2026-05-08 11:35:55,910 | INFO | epoch=1 step=11050 loss=0.2422 lr=1.07e-04
2026-05-08 11:36:34,533 | INFO | epoch=1 step=11100 loss=0.2573 lr=1.06e-04
2026-05-08 11:37:13,171 | INFO | epoch=1 step=11150 loss=0.2432 lr=1.05e-04
2026-05-08 11:37:51,699 | INFO | epoch=1 step=11200 loss=0.2443 lr=1.03e-04
2026-05-08 11:38:30,180 | INFO | epoch=1 step=11250 loss=0.2512 lr=1.02e-04
2026-05-08 11:39:08,823 | INFO | epoch=1 step=11300 loss=0.2224 lr=1.01e-04
2026-05-08 11:39:48,487 | INFO | epoch=1 step=11350 loss=0.2448 lr=1.00e-04
2026-05-08 11:40:27,454 | INFO | epoch=1 step=11400 loss=0.2269 lr=9.91e-05
2026-05-08 11:46:15,202 | INFO | epoch=1 eval_loss=0.6339 ppl=1.88
2026-05-08 11:46:23,891 | INFO | epoch=2 step=11450 loss=0.2387 lr=9.80e-05
2026-05-08 11:47:02,861 | INFO | epoch=2 step=11500 loss=0.2406 lr=9.69e-05
2026-05-08 11:47:41,388 | INFO | epoch=2 step=11550 loss=0.2547 lr=9.58e-05
2026-05-08 12:20:01,749 | INFO | epoch=2 step=11600 loss=0.2627 lr=9.48e-05
2026-05-08 12:29:12,849 | INFO | epoch=2 step=11650 loss=0.2299 lr=9.37e-05
2026-05-08 13:36:30,979 | INFO | epoch=2 step=11700 loss=0.2487 lr=9.27e-05
2026-05-08 14:15:56,756 | INFO | epoch=2 step=11750 loss=0.2383 lr=9.16e-05
2026-05-08 14:50:19,784 | INFO | epoch=2 step=11800 loss=0.2400 lr=9.06e-05
2026-05-08 16:45:44,764 | INFO | epoch=2 step=11850 loss=0.2465 lr=8.95e-05
2026-05-08 19:55:24,647 | INFO | epoch=2 step=11900 loss=0.2459 lr=8.85e-05
2026-05-08 23:59:23,304 | INFO | epoch=2 step=11950 loss=0.2426 lr=8.75e-05
2026-05-09 01:05:00,655 | INFO | epoch=2 step=12000 loss=0.2290 lr=8.65e-05
2026-05-09 01:06:17,097 | INFO | epoch=2 step=12050 loss=0.2241 lr=8.55e-05
2026-05-09 01:50:37,480 | INFO | epoch=2 step=12100 loss=0.2299 lr=8.45e-05
2026-05-09 02:44:35,540 | INFO | epoch=2 step=12150 loss=0.2295 lr=8.35e-05
2026-05-09 05:30:02,083 | INFO | epoch=2 step=12200 loss=0.2317 lr=8.25e-05
2026-05-09 07:40:03,101 | INFO | epoch=2 step=12250 loss=0.2306 lr=8.15e-05
2026-05-09 09:47:14,799 | INFO | epoch=2 step=12300 loss=0.2197 lr=8.05e-05
2026-05-09 12:49:21,694 | INFO | epoch=2 step=12350 loss=0.2225 lr=7.96e-05
2026-05-09 15:52:46,190 | INFO | epoch=2 step=12400 loss=0.2144 lr=7.86e-05
2026-05-09 16:20:42,624 | INFO | epoch=2 step=12450 loss=0.2171 lr=7.77e-05
2026-05-09 16:21:30,475 | INFO | epoch=2 step=12500 loss=0.2348 lr=7.67e-05
2026-05-09 16:22:03,212 | INFO | epoch=2 step=12550 loss=0.2294 lr=7.58e-05
2026-05-09 16:22:35,190 | INFO | epoch=2 step=12600 loss=0.2412 lr=7.48e-05
2026-05-09 16:23:07,364 | INFO | epoch=2 step=12650 loss=0.2298 lr=7.39e-05
2026-05-09 16:23:39,570 | INFO | epoch=2 step=12700 loss=0.2109 lr=7.30e-05
2026-05-09 16:24:11,659 | INFO | epoch=2 step=12750 loss=0.2284 lr=7.21e-05
2026-05-09 16:24:43,910 | INFO | epoch=2 step=12800 loss=0.2238 lr=7.12e-05
2026-05-09 16:25:16,356 | INFO | epoch=2 step=12850 loss=0.2177 lr=7.03e-05
2026-05-09 16:25:50,426 | INFO | epoch=2 step=12900 loss=0.2037 lr=6.94e-05
2026-05-09 16:26:26,315 | INFO | epoch=2 step=12950 loss=0.2374 lr=6.86e-05
2026-05-09 16:27:01,873 | INFO | epoch=2 step=13000 loss=0.2066 lr=6.77e-05
2026-05-09 16:27:37,043 | INFO | epoch=2 step=13050 loss=0.2129 lr=6.68e-05
2026-05-09 16:28:11,674 | INFO | epoch=2 step=13100 loss=0.2122 lr=6.60e-05
2026-05-09 16:28:46,098 | INFO | epoch=2 step=13150 loss=0.2240 lr=6.51e-05
2026-05-09 16:29:20,294 | INFO | epoch=2 step=13200 loss=0.2161 lr=6.43e-05
2026-05-09 16:29:55,883 | INFO | epoch=2 step=13250 loss=0.2336 lr=6.35e-05
2026-05-09 16:30:31,647 | INFO | epoch=2 step=13300 loss=0.2258 lr=6.27e-05
2026-05-09 16:31:08,091 | INFO | epoch=2 step=13350 loss=0.2210 lr=6.19e-05
2026-05-09 16:31:43,799 | INFO | epoch=2 step=13400 loss=0.2065 lr=6.11e-05
2026-05-09 16:32:18,907 | INFO | epoch=2 step=13450 loss=0.2055 lr=6.03e-05
2026-05-09 16:32:54,616 | INFO | epoch=2 step=13500 loss=0.2224 lr=5.95e-05
2026-05-09 16:33:30,427 | INFO | epoch=2 step=13550 loss=0.2181 lr=5.87e-05
2026-05-09 16:34:06,349 | INFO | epoch=2 step=13600 loss=0.2239 lr=5.80e-05
2026-05-09 16:34:42,575 | INFO | epoch=2 step=13650 loss=0.2170 lr=5.72e-05
2026-05-09 16:35:20,640 | INFO | epoch=2 step=13700 loss=0.2246 lr=5.65e-05
2026-05-09 16:36:00,415 | INFO | epoch=2 step=13750 loss=0.2145 lr=5.57e-05
2026-05-09 16:36:39,530 | INFO | epoch=2 step=13800 loss=0.2015 lr=5.50e-05
2026-05-09 16:37:20,492 | INFO | epoch=2 step=13850 loss=0.2103 lr=5.43e-05
2026-05-09 16:38:02,518 | INFO | epoch=2 step=13900 loss=0.2180 lr=5.36e-05
2026-05-09 16:38:45,425 | INFO | epoch=2 step=13950 loss=0.2169 lr=5.29e-05
2026-05-09 16:39:29,586 | INFO | epoch=2 step=14000 loss=0.2146 lr=5.22e-05
2026-05-09 16:40:20,510 | INFO | epoch=2 step=14050 loss=0.2244 lr=5.15e-05
2026-05-09 16:41:09,898 | INFO | epoch=2 step=14100 loss=0.2233 lr=5.09e-05
2026-05-09 16:41:59,688 | INFO | epoch=2 step=14150 loss=0.2165 lr=5.02e-05
2026-05-09 16:42:51,159 | INFO | epoch=2 step=14200 loss=0.2074 lr=4.96e-05
2026-05-09 16:43:40,711 | INFO | epoch=2 step=14250 loss=0.2232 lr=4.89e-05
2026-05-09 16:44:28,657 | INFO | epoch=2 step=14300 loss=0.2238 lr=4.83e-05
2026-05-09 16:45:18,391 | INFO | epoch=2 step=14350 loss=0.2031 lr=4.77e-05
2026-05-09 16:46:05,308 | INFO | epoch=2 step=14400 loss=0.2208 lr=4.71e-05
2026-05-09 16:46:47,574 | INFO | epoch=2 step=14450 loss=0.2094 lr=4.65e-05
2026-05-09 16:47:25,716 | INFO | epoch=2 step=14500 loss=0.2050 lr=4.59e-05
2026-05-09 16:48:03,441 | INFO | epoch=2 step=14550 loss=0.2210 lr=4.53e-05
2026-05-09 16:48:41,913 | INFO | epoch=2 step=14600 loss=0.2160 lr=4.47e-05
2026-05-09 16:49:21,827 | INFO | epoch=2 step=14650 loss=0.2156 lr=4.42e-05
2026-05-09 16:50:04,851 | INFO | epoch=2 step=14700 loss=0.2173 lr=4.36e-05
2026-05-09 16:50:47,868 | INFO | epoch=2 step=14750 loss=0.2108 lr=4.31e-05
2026-05-09 16:51:31,344 | INFO | epoch=2 step=14800 loss=0.1885 lr=4.25e-05
2026-05-09 16:52:06,765 | INFO | epoch=2 step=14850 loss=0.2084 lr=4.20e-05
2026-05-09 16:52:40,204 | INFO | epoch=2 step=14900 loss=0.2199 lr=4.15e-05
2026-05-09 16:53:13,340 | INFO | epoch=2 step=14950 loss=0.2005 lr=4.10e-05
2026-05-09 16:53:46,302 | INFO | epoch=2 step=15000 loss=0.2002 lr=4.05e-05
2026-05-09 16:54:19,605 | INFO | epoch=2 step=15050 loss=0.2123 lr=4.01e-05
2026-05-09 16:54:53,158 | INFO | epoch=2 step=15100 loss=0.1973 lr=3.96e-05
2026-05-09 16:55:26,896 | INFO | epoch=2 step=15150 loss=0.2124 lr=3.91e-05
2026-05-09 16:56:00,345 | INFO | epoch=2 step=15200 loss=0.2065 lr=3.87e-05
2026-05-09 16:56:33,808 | INFO | epoch=2 step=15250 loss=0.1984 lr=3.83e-05
2026-05-09 16:57:07,352 | INFO | epoch=2 step=15300 loss=0.2008 lr=3.78e-05
2026-05-09 16:57:40,970 | INFO | epoch=2 step=15350 loss=0.2359 lr=3.74e-05
2026-05-09 16:58:14,450 | INFO | epoch=2 step=15400 loss=0.2176 lr=3.70e-05
2026-05-09 16:58:47,808 | INFO | epoch=2 step=15450 loss=0.1961 lr=3.66e-05
2026-05-09 16:59:21,463 | INFO | epoch=2 step=15500 loss=0.2040 lr=3.63e-05
2026-05-09 16:59:55,133 | INFO | epoch=2 step=15550 loss=0.2089 lr=3.59e-05
2026-05-09 17:00:28,796 | INFO | epoch=2 step=15600 loss=0.1933 lr=3.55e-05
2026-05-09 17:01:02,243 | INFO | epoch=2 step=15650 loss=0.2029 lr=3.52e-05
2026-05-09 17:01:35,795 | INFO | epoch=2 step=15700 loss=0.2111 lr=3.48e-05
2026-05-09 17:02:09,214 | INFO | epoch=2 step=15750 loss=0.2131 lr=3.45e-05
2026-05-09 17:02:42,936 | INFO | epoch=2 step=15800 loss=0.2164 lr=3.42e-05
2026-05-09 17:03:16,430 | INFO | epoch=2 step=15850 loss=0.1926 lr=3.39e-05
2026-05-09 17:03:49,896 | INFO | epoch=2 step=15900 loss=0.1922 lr=3.36e-05
2026-05-09 17:04:23,468 | INFO | epoch=2 step=15950 loss=0.2306 lr=3.33e-05
2026-05-09 17:04:57,063 | INFO | epoch=2 step=16000 loss=0.2143 lr=3.31e-05
2026-05-09 17:05:30,853 | INFO | epoch=2 step=16050 loss=0.2088 lr=3.28e-05
2026-05-09 17:06:04,495 | INFO | epoch=2 step=16100 loss=0.1932 lr=3.26e-05
2026-05-09 17:06:38,193 | INFO | epoch=2 step=16150 loss=0.2103 lr=3.23e-05
2026-05-09 17:07:11,677 | INFO | epoch=2 step=16200 loss=0.2135 lr=3.21e-05
2026-05-09 17:07:45,280 | INFO | epoch=2 step=16250 loss=0.2141 lr=3.19e-05
2026-05-09 17:08:18,872 | INFO | epoch=2 step=16300 loss=0.1898 lr=3.17e-05
2026-05-09 17:08:52,442 | INFO | epoch=2 step=16350 loss=0.2063 lr=3.15e-05
2026-05-09 17:09:25,868 | INFO | epoch=2 step=16400 loss=0.1974 lr=3.13e-05
2026-05-09 17:09:59,480 | INFO | epoch=2 step=16450 loss=0.1978 lr=3.11e-05
2026-05-09 17:10:33,153 | INFO | epoch=2 step=16500 loss=0.2208 lr=3.10e-05
2026-05-09 17:11:07,167 | INFO | epoch=2 step=16550 loss=0.1902 lr=3.08e-05
2026-05-09 17:11:40,757 | INFO | epoch=2 step=16600 loss=0.2165 lr=3.07e-05
2026-05-09 17:12:14,243 | INFO | epoch=2 step=16650 loss=0.2014 lr=3.06e-05
2026-05-09 17:12:48,029 | INFO | epoch=2 step=16700 loss=0.2121 lr=3.05e-05
2026-05-09 17:13:21,489 | INFO | epoch=2 step=16750 loss=0.2047 lr=3.04e-05
2026-05-09 17:13:55,311 | INFO | epoch=2 step=16800 loss=0.2037 lr=3.03e-05
2026-05-09 17:14:28,954 | INFO | epoch=2 step=16850 loss=0.2053 lr=3.02e-05
2026-05-09 17:15:02,723 | INFO | epoch=2 step=16900 loss=0.2155 lr=3.02e-05
2026-05-09 17:15:36,368 | INFO | epoch=2 step=16950 loss=0.2055 lr=3.01e-05
2026-05-09 17:16:10,117 | INFO | epoch=2 step=17000 loss=0.1835 lr=3.01e-05
2026-05-09 17:16:43,750 | INFO | epoch=2 step=17050 loss=0.1939 lr=3.00e-05
2026-05-09 17:17:17,498 | INFO | epoch=2 step=17100 loss=0.2144 lr=3.00e-05
2026-05-09 17:17:51,608 | INFO | epoch=2 step=17150 loss=0.1866 lr=3.00e-05
2026-05-09 17:22:42,502 | INFO | epoch=2 eval_loss=0.7249 ppl=2.06
